// Jest Snapshot v1, https://goo.gl/fbAQLP

exports[`Task Tests renders TODOList correctly 1`] = `
<li>
  <span
    onClick={[Function]}
  >
    Test task
  </span>
</li>
`;
